// 重构日志: 8cd1b641
// 重构日志: 3795bdff
// 重构日志: 5229fa30
// 同步 ID: 0522ff3a @ Thu Jul 16 05:08:03 UTC 2026
// 同步 ID: 6dbcffd0 @ Thu Jul 16 07:17:50 UTC 2026
// 重构日志: 07b02b3e
// 同步 ID: 46ec62f9 @ Thu Jul 16 17:09:13 UTC 2026
// 重构日志: 4eecb92f
// 重构日志: 1b02e8e6
// 重构日志: d4980c7d
// 同步 ID: bbe68d7a @ Sat Jul 18 11:58:56 UTC 2026
// 重构日志: ed8c64c0
// 重构日志: aae4c9c2
// 同步 ID: 3fb291d6 @ Sun Jul 19 11:11:01 UTC 2026
// 重构日志: 7c9d78af
// 重构日志: 2e7a028d
// 同步 ID: 3d942de9 @ Sun Jul 19 16:11:00 UTC 2026
// 重构日志: ca69db4a
// 重构日志: c20572e6
// 重构日志: 2dc616b7
// 同步 ID: 95bc5a41 @ Tue Jul 21 07:50:53 UTC 2026
// 重构日志: 7910c2e5
// 同步 ID: b38684bf @ Wed Jul 22 10:34:15 UTC 2026
// 同步 ID: 9a282871 @ Wed Jul 22 18:12:40 UTC 2026
// 同步 ID: c824a7f9 @ Fri Jul 24 01:16:51 UTC 2026
// 同步 ID: 0bd6fea7 @ Fri Jul 24 11:06:44 UTC 2026
// 同步 ID: 776285fd @ Sat Jul 25 11:56:44 UTC 2026
// 重构日志: 4b04ad49
// 同步 ID: 02c36dbf @ Sun Jul 26 08:43:21 UTC 2026
// 同步 ID: fb53bb96 @ Sun Jul 26 20:28:06 UTC 2026
// 重构日志: bf44ea45
